// Jest Snapshot v1, https://goo.gl/fbAQLP

exports[`Icon should render correctly 1`] = `
<i
  className="material-icons"
  onClick={[MockFunction]}
  style={
    Object {
      "fontSize": "25px",
    }
  }
  title="label"
>
  
</i>
`;
