// Jest Snapshot v1, https://goo.gl/fbAQLP

exports[`Input should render correctly 1`] = `
<div>
  <label>
    label
  </label>
  <input
    className="sc-bdVaJa cmfyDO"
    maxLength={20}
    minLength={1}
    onChange={[Function]}
    style={Object {}}
    type="text"
    value=""
  />
</div>
`;
