// Jest Snapshot v1, https://goo.gl/fbAQLP

exports[`OutsideClick should render correctly 1`] = `
<div
  style={
    Object {
      "height": "100%",
      "width": "100%",
    }
  }
>
  Test
</div>
`;
