// Jest Snapshot v1, https://goo.gl/fbAQLP

exports[`Select should render correctly 1`] = `
<div
  style={
    Object {
      "position": "relative",
    }
  }
>
  <div
    onBlur={undefined}
    style={
      Object {
        "height": "100%",
        "width": "100%",
      }
    }
  >
    
    <div
      className="sc-bdVaJa jssVcr"
      style={Object {}}
    >
      <input
        className="sc-bwzfXH fvJNoc"
        onClick={[Function]}
        onFocus={[Function]}
        onKeyDown={[Function]}
        placeholder={undefined}
        readOnly={true}
        style={Object {}}
        type="text"
        value=""
      />
      <div
        className="sc-htpNat cigveX"
      />
    </div>
    <div
      className="sc-bxivhb gJgVmz"
    >
      <div
        style={
          Object {
            "height": 0,
            "maxHeight": 200,
            "minHeight": 0,
            "overflow": "hidden",
            "position": "relative",
            "width": "100%",
          }
        }
      >
        <div
          style={
            Object {
              "WebkitOverflowScrolling": "touch",
              "bottom": undefined,
              "left": undefined,
              "marginBottom": 0,
              "marginRight": 0,
              "maxHeight": 200,
              "minHeight": 0,
              "overflow": "scroll",
              "position": "relative",
              "right": undefined,
              "top": undefined,
            }
          }
        />
        <div
          style={
            Object {
              "borderRadius": 3,
              "bottom": 2,
              "display": "none",
              "height": 6,
              "left": 2,
              "position": "absolute",
              "right": 2,
            }
          }
        >
          <div
            style={
              Object {
                "backgroundColor": "rgba(0,0,0,.2)",
                "borderRadius": "inherit",
                "cursor": "pointer",
                "display": "block",
                "height": "100%",
                "position": "relative",
              }
            }
          />
        </div>
        <div
          style={
            Object {
              "borderRadius": 3,
              "bottom": 2,
              "display": "none",
              "position": "absolute",
              "right": 2,
              "top": 2,
              "width": 6,
            }
          }
        >
          <div
            style={
              Object {
                "backgroundColor": "rgba(0,0,0,.2)",
                "borderRadius": "inherit",
                "cursor": "pointer",
                "display": "block",
                "position": "relative",
                "width": "100%",
              }
            }
          />
        </div>
      </div>
    </div>
  </div>
</div>
`;
